// Jest Snapshot v1, https://goo.gl/fbAQLP

exports[`App component snapshot renders 1`] = `undefined`;
